I'm sorry, but errors were detected in your script. Please correct the
errors listed below, and try again.


File "game/script.rpy", line 269: Line is followed by a block, despite not being a menu choice. Did you forget a colon at the end of the line?
    "我想结束这个故事。"
               ^

Ren'Py Version: Ren'Py 7.3.5.606
Sun Sep 20 21:46:16 2020
